// Jest Snapshot v1, https://goo.gl/fbAQLP

exports[`should render addexpensepage correctly 1`] = `
<div>
  <h1>
    This is my add expense page.
  </h1>
  <ExpenseForm
    onSubmit={[Function]}
  />
</div>
`;
